[    0.000000] Initializing cgroup subsys cpuset
[    0.000000] Initializing cgroup subsys cpu
[    0.000000] Linux version 2.6.32-38-generic (buildd@allspice) (gcc version 4.4.3 (Ubuntu 4.4.3-4ubuntu5) ) #83-Ubuntu SMP Wed Jan 4 11:12:07 UTC 2012 (Ubuntu 2.6.32-38.83-generic 2.6.32.52+drm33.21)
[    0.000000] Command line: BOOT_IMAGE=/boot/vmlinuz-2.6.32-38-generic root=UUID=c5948ff1-0f96-4c9e-be04-21ef71ca902a ro quiet splash
[    0.000000] KERNEL supported cpus:
[    0.000000]   Intel GenuineIntel
[    0.000000]   AMD AuthenticAMD
[    0.000000]   Centaur CentaurHauls
[    0.000000] BIOS-provided physical RAM map:
[    0.000000]  BIOS-e820: 0000000000000000 - 000000000009fc00 (usable)
[    0.000000]  BIOS-e820: 000000000009fc00 - 00000000000a0000 (reserved)
[    0.000000]  BIOS-e820: 00000000000f0000 - 0000000000100000 (reserved)
[    0.000000]  BIOS-e820: 0000000000100000 - 00000000dfff0000 (usable)
[    0.000000]  BIOS-e820: 00000000dfff0000 - 00000000e0000000 (ACPI data)
[    0.000000]  BIOS-e820: 00000000fffc0000 - 0000000100000000 (reserved)
[    0.000000]  BIOS-e820: 0000000100000000 - 000000011d000000 (usable)
[    0.000000] DMI 2.5 present.
[    0.000000] last_pfn = 0x11d000 max_arch_pfn = 0x400000000
[    0.000000] MTRR default type: uncachable
[    0.000000] MTRR variable ranges disabled:
[    0.000000] x86 PAT enabled: cpu 0, old 0x7040600070406, new 0x7010600070106
[    0.000000] CPU MTRRs all blank - virtualized system.
[    0.000000] last_pfn = 0xdfff0 max_arch_pfn = 0x400000000
[    0.000000] e820 update range: 0000000000001000 - 0000000000006000 (usable) ==> (reserved)
[    0.000000] Scanning 1 areas for low memory corruption
[    0.000000] modified physical RAM map:
[    0.000000]  modified: 0000000000000000 - 0000000000001000 (usable)
[    0.000000]  modified: 0000000000001000 - 0000000000006000 (reserved)
[    0.000000]  modified: 0000000000006000 - 000000000009fc00 (usable)
[    0.000000]  modified: 000000000009fc00 - 00000000000a0000 (reserved)
[    0.000000]  modified: 00000000000f0000 - 0000000000100000 (reserved)
[    0.000000]  modified: 0000000000100000 - 00000000dfff0000 (usable)
[    0.000000]  modified: 00000000dfff0000 - 00000000e0000000 (ACPI data)
[    0.000000]  modified: 00000000fffc0000 - 0000000100000000 (reserved)
[    0.000000]  modified: 0000000100000000 - 000000011d000000 (usable)
[    0.000000] initial memory mapped : 0 - 20000000
[    0.000000] init_memory_mapping: 0000000000000000-00000000dfff0000
[    0.000000] NX (Execute Disable) protection: active
[    0.000000]  0000000000 - 00dfe00000 page 2M
[    0.000000]  00dfe00000 - 00dfff0000 page 4k
[    0.000000] kernel direct mapping tables up to dfff0000 @ 8000-e000
[    0.000000] init_memory_mapping: 0000000100000000-000000011d000000
[    0.000000] NX (Execute Disable) protection: active
[    0.000000]  0100000000 - 011d000000 page 2M
[    0.000000] kernel direct mapping tables up to 11d000000 @ c000-12000
[    0.000000] RAMDISK: 377f4000 - 37fef20b
[    0.000000] ACPI: RSDP 00000000000e0000 00024 (v02 VBOX  )
[    0.000000] ACPI: XSDT 00000000dfff0030 0003C (v01 VBOX   VBOXXSDT 00000001 ASL  00000061)
[    0.000000] ACPI: FACP 00000000dfff00f0 000F4 (v04 VBOX   VBOXFACP 00000001 ASL  00000061)
[    0.000000] ACPI: DSDT 00000000dfff0480 01B96 (v01 VBOX   VBOXBIOS 00000002 INTL 20100528)
[    0.000000] ACPI: FACS 00000000dfff0200 00040
[    0.000000] ACPI: APIC 00000000dfff0240 0006C (v02 VBOX   VBOXAPIC 00000001 ASL  00000061)
[    0.000000] ACPI: SSDT 00000000dfff02b0 001CC (v01 VBOX   VBOXCPUT 00000002 INTL 20100528)
[    0.000000] ACPI: Local APIC address 0xfee00000
[    0.000000] No NUMA configuration found
[    0.000000] Faking a node at 0000000000000000-000000011d000000
[    0.000000] Bootmem setup node 0 0000000000000000-000000011d000000
[    0.000000]   NODE_DATA [000000000000d000 - 0000000000011fff]
[    0.000000]   bootmap [0000000000012000 -  00000000000359ff] pages 24
[    0.000000] (8 early reservations) ==> bootmem [0000000000 - 011d000000]
[    0.000000]   #0 [0000000000 - 0000001000]   BIOS data page ==> [0000000000 - 0000001000]
[    0.000000]   #1 [0000006000 - 0000008000]       TRAMPOLINE ==> [0000006000 - 0000008000]
[    0.000000]   #2 [0001000000 - 0001a35ac4]    TEXT DATA BSS ==> [0001000000 - 0001a35ac4]
[    0.000000]   #3 [00377f4000 - 0037fef20b]          RAMDISK ==> [00377f4000 - 0037fef20b]
[    0.000000]   #4 [000009fc00 - 0000100000]    BIOS reserved ==> [000009fc00 - 0000100000]
[    0.000000]   #5 [0001a36000 - 0001a36071]              BRK ==> [0001a36000 - 0001a36071]
[    0.000000]   #6 [0000008000 - 000000c000]          PGTABLE ==> [0000008000 - 000000c000]
[    0.000000]   #7 [000000c000 - 000000d000]          PGTABLE ==> [000000c000 - 000000d000]
[    0.000000] found SMP MP-table at [ffff88000009fff0] 9fff0
[    0.000000]  [ffffea0000000000-ffffea0003ffffff] PMD -> [ffff880028600000-ffff88002bffffff] on node 0
[    0.000000] Zone PFN ranges:
[    0.000000]   DMA      0x00000000 -> 0x00001000
[    0.000000]   DMA32    0x00001000 -> 0x00100000
[    0.000000]   Normal   0x00100000 -> 0x0011d000
[    0.000000] Movable zone start PFN for each node
[    0.000000] early_node_map[4] active PFN ranges
[    0.000000]     0: 0x00000000 -> 0x00000001
[    0.000000]     0: 0x00000006 -> 0x0000009f
[    0.000000]     0: 0x00000100 -> 0x000dfff0
[    0.000000]     0: 0x00100000 -> 0x0011d000
[    0.000000] On node 0 totalpages: 1036170
[    0.000000]   DMA zone: 56 pages used for memmap
[    0.000000]   DMA zone: 104 pages reserved
[    0.000000]   DMA zone: 3834 pages, LIFO batch:0
[    0.000000]   DMA32 zone: 14280 pages used for memmap
[    0.000000]   DMA32 zone: 899112 pages, LIFO batch:31
[    0.000000]   Normal zone: 1624 pages used for memmap
[    0.000000]   Normal zone: 117160 pages, LIFO batch:31
[    0.000000] ACPI: PM-Timer IO Port: 0x4008
[    0.000000] ACPI: Local APIC address 0xfee00000
[    0.000000] ACPI: LAPIC (acpi_id[0x00] lapic_id[0x00] enabled)
[    0.000000] ACPI: LAPIC (acpi_id[0x01] lapic_id[0x01] enabled)
[    0.000000] ACPI: LAPIC (acpi_id[0x02] lapic_id[0x02] enabled)
[    0.000000] ACPI: LAPIC (acpi_id[0x03] lapic_id[0x03] enabled)
[    0.000000] ACPI: IOAPIC (id[0x04] address[0xfec00000] gsi_base[0])
[    0.000000] IOAPIC[0]: apic_id 4, version 17, address 0xfec00000, GSI 0-23
[    0.000000] ACPI: INT_SRC_OVR (bus 0 bus_irq 0 global_irq 2 dfl dfl)
[    0.000000] ACPI: INT_SRC_OVR (bus 0 bus_irq 9 global_irq 9 high level)
[    0.000000] ACPI: IRQ0 used by override.
[    0.000000] ACPI: IRQ2 used by override.
[    0.000000] ACPI: IRQ9 used by override.
[    0.000000] Using ACPI (MADT) for SMP configuration information
[    0.000000] SMP: Allowing 4 CPUs, 0 hotplug CPUs
[    0.000000] nr_irqs_gsi: 24
[    0.000000] PM: Registered nosave memory: 0000000000001000 - 0000000000006000
[    0.000000] PM: Registered nosave memory: 000000000009f000 - 00000000000a0000
[    0.000000] PM: Registered nosave memory: 00000000000a0000 - 00000000000f0000
[    0.000000] PM: Registered nosave memory: 00000000000f0000 - 0000000000100000
[    0.000000] PM: Registered nosave memory: 00000000dfff0000 - 00000000e0000000
[    0.000000] PM: Registered nosave memory: 00000000e0000000 - 00000000fffc0000
[    0.000000] PM: Registered nosave memory: 00000000fffc0000 - 0000000100000000
[    0.000000] Allocating PCI resources starting at e0000000 (gap: e0000000:1ffc0000)
[    0.000000] Booting paravirtualized kernel on bare hardware
[    0.000000] NR_CPUS:64 nr_cpumask_bits:64 nr_cpu_ids:4 nr_node_ids:1
[    0.000000] PERCPU: Embedded 30 pages/cpu @ffff880028200000 s91608 r8192 d23080 u524288
[    0.000000] pcpu-alloc: s91608 r8192 d23080 u524288 alloc=1*2097152
[    0.000000] pcpu-alloc: [0] 0 1 2 3 
[    0.000000] Built 1 zonelists in Node order, mobility grouping on.  Total pages: 1020106
[    0.000000] Policy zone: Normal
[    0.000000] Kernel command line: BOOT_IMAGE=/boot/vmlinuz-2.6.32-38-generic root=UUID=c5948ff1-0f96-4c9e-be04-21ef71ca902a ro quiet splash
[    0.000000] PID hash table entries: 4096 (order: 3, 32768 bytes)
[    0.000000] Initializing CPU#0
[    0.000000] Checking aperture...
[    0.000000] No AGP bridge found
[    0.000000] Calgary: detecting Calgary via BIOS EBDA area
[    0.000000] Calgary: Unable to locate Rio Grande table in EBDA - bailing!
[    0.000000] PCI-DMA: Using software bounce buffering for IO (SWIOTLB)
[    0.000000] Placing 64MB software IO TLB between ffff880020000000 - ffff880024000000
[    0.000000] software IO TLB at phys 0x20000000 - 0x24000000
[    0.000000] Memory: 3999972k/4669440k available (5436k kernel code, 524760k absent, 144708k reserved, 2982k data, 884k init)
[    0.000000] SLUB: Genslabs=14, HWalign=64, Order=0-3, MinObjects=0, CPUs=4, Nodes=1
[    0.000000] Hierarchical RCU implementation.
[    0.000000] NR_IRQS:4352 nr_irqs:440
[    0.000000] Console: colour VGA+ 80x25
[    0.000000] console [tty0] enabled
[    0.000000] allocated 41943040 bytes of page_cgroup
[    0.000000] please try 'cgroup_disable=memory' option if you don't want memory cgroups
[    0.000000] Fast TSC calibration failed
[    0.000000] TSC: Unable to calibrate against PIT
[    0.000000] TSC: HPET/PMTIMER calibration failed.
[    0.000000] Marking TSC unstable due to could not calculate TSC khz
[    0.040000] Calibrating delay loop... 1776.02 BogoMIPS (lpj=8880128)
[    0.280000] Security Framework initialized
[    0.280000] AppArmor: AppArmor initialized
[    0.280000] Dentry cache hash table entries: 524288 (order: 10, 4194304 bytes)
[    0.290000] Inode-cache hash table entries: 262144 (order: 9, 2097152 bytes)
[    0.290000] Mount-cache hash table entries: 256
[    0.290000] Initializing cgroup subsys ns
[    0.290000] Initializing cgroup subsys cpuacct
[    0.290000] Initializing cgroup subsys memory
[    0.290000] Initializing cgroup subsys devices
[    0.290000] Initializing cgroup subsys freezer
[    0.290000] Initializing cgroup subsys net_cls
[    0.290000] , L1 D cache: 32K
[    0.290000] CPU: L2 cache: 6144K
[    0.290000] CPU 0/0x0 -> Node 0
[    0.290000] CPU: Physical Processor ID: 0
[    0.290000] CPU: Processor Core ID: 0
[    0.290000] mce: CPU supports 0 MCE banks
[    0.290000] Performance Events: unsupported p6 CPU model 42 no PMU driver, software events only.
[    0.340000] ACPI: Core revision 20090903
[    0.340000] ftrace: converting mcount calls to 0f 1f 44 00 00
[    0.340000] ftrace: allocating 22567 entries in 89 pages
[    0.350000] Setting APIC routing to flat
[    0.350000] ------------[ cut here ]------------
[    0.350000] WARNING: at /build/buildd/linux-2.6.32/arch/x86/kernel/apic/apic.c:1259 setup_local_APIC+0x189/0x290()
[    0.350000] Hardware name: VirtualBox
[    0.350000] Modules linked in:
[    0.350000] Pid: 1, comm: swapper Not tainted 2.6.32-38-generic #83-Ubuntu
[    0.350000] Call Trace:
[    0.350000]  [<ffffffff810665ab>] warn_slowpath_common+0x7b/0xc0
[    0.350000]  [<ffffffff81066604>] warn_slowpath_null+0x14/0x20
[    0.350000]  [<ffffffff81541f05>] setup_local_APIC+0x189/0x290
[    0.350000]  [<ffffffff8102e1bb>] ? lapic_get_maxlvt+0x1b/0x30
[    0.350000]  [<ffffffff8185db1c>] native_smp_prepare_cpus+0x191/0x235
[    0.350000]  [<ffffffff8185174d>] kernel_init+0x6a/0x162
[    0.350000]  [<ffffffff810131ea>] child_rip+0xa/0x20
[    0.350000]  [<ffffffff818516e3>] ? kernel_init+0x0/0x162
[    0.350000]  [<ffffffff810131e0>] ? child_rip+0x0/0x20
[    0.350000] ---[ end trace a7919e7f17c0a725 ]---
[    0.360000] ..TIMER: vector=0x30 apic1=0 pin1=2 apic2=-1 pin2=-1
[    0.450000] CPU0: Intel(R) Core(TM) i5-2410M CPU @ 2.30GHz stepping 07
[    0.450000] Booting processor 1 APIC 0x1 ip 0x6000
[    0.040000] Initializing CPU#1
[    0.040000] ------------[ cut here ]------------
[    0.040000] WARNING: at /build/buildd/linux-2.6.32/arch/x86/kernel/apic/apic.c:1259 setup_local_APIC+0x189/0x290()
[    0.040000] Hardware name: VirtualBox
[    0.040000] Modules linked in:
[    0.040000] Pid: 0, comm: swapper Tainted: G        W  2.6.32-38-generic #83-Ubuntu
[    0.040000] Call Trace:
[    0.040000]  [<ffffffff810665ab>] warn_slowpath_common+0x7b/0xc0
[    0.040000]  [<ffffffff81066604>] warn_slowpath_null+0x14/0x20
[    0.040000]  [<ffffffff81541f05>] setup_local_APIC+0x189/0x290
[    0.040000]  [<ffffffff81541669>] smp_callin+0xc5/0xf7
[    0.040000]  [<ffffffff815416a9>] start_secondary+0xe/0xaa
[    0.040000] ---[ end trace a7919e7f17c0a726 ]---
[    0.040000] , L1 D cache: 32K
[    0.040000] CPU: L2 cache: 6144K
[    0.040000] CPU 1/0x1 -> Node 0
[    0.040000] CPU: Physical Processor ID: 0
[    0.040000] CPU: Processor Core ID: 1
[    0.040000] mce: CPU supports 0 MCE banks
[    0.670000] CPU1: Intel(R) Core(TM) i5-2410M CPU @ 2.30GHz stepping 07
[    0.670000] Booting processor 2 APIC 0x2 ip 0x6000
[    0.040000] Initializing CPU#2
[    0.040000] ------------[ cut here ]------------
[    0.040000] WARNING: at /build/buildd/linux-2.6.32/arch/x86/kernel/apic/apic.c:1259 setup_local_APIC+0x189/0x290()
[    0.040000] Hardware name: VirtualBox
[    0.040000] Modules linked in:
[    0.040000] Pid: 0, comm: swapper Tainted: G        W  2.6.32-38-generic #83-Ubuntu
[    0.040000] Call Trace:
[    0.040000]  [<ffffffff810665ab>] warn_slowpath_common+0x7b/0xc0
[    0.040000]  [<ffffffff81066604>] warn_slowpath_null+0x14/0x20
[    0.040000]  [<ffffffff81541f05>] setup_local_APIC+0x189/0x290
[    0.040000]  [<ffffffff81541669>] smp_callin+0xc5/0xf7
[    0.040000]  [<ffffffff815416a9>] start_secondary+0xe/0xaa
[    0.040000] ---[ end trace a7919e7f17c0a727 ]---
[    0.040000] , L1 D cache: 32K
[    0.040000] CPU: L2 cache: 6144K
[    0.040000] CPU 2/0x2 -> Node 0
[    0.040000] CPU: Physical Processor ID: 0
[    0.040000] CPU: Processor Core ID: 2
[    0.040000] mce: CPU supports 0 MCE banks
[    0.950000] CPU2: Intel(R) Core(TM) i5-2410M CPU @ 2.30GHz stepping 07
[    0.950000] Booting processor 3 APIC 0x3 ip 0x6000
[    0.040000] Initializing CPU#3
[    0.040000] ------------[ cut here ]------------
[    0.040000] WARNING: at /build/buildd/linux-2.6.32/arch/x86/kernel/apic/apic.c:1259 setup_local_APIC+0x189/0x290()
[    0.040000] Hardware name: VirtualBox
[    0.040000] Modules linked in:
[    0.040000] Pid: 0, comm: swapper Tainted: G        W  2.6.32-38-generic #83-Ubuntu
[    0.040000] Call Trace:
[    0.040000]  [<ffffffff810665ab>] warn_slowpath_common+0x7b/0xc0
[    0.040000]  [<ffffffff81066604>] warn_slowpath_null+0x14/0x20
[    0.040000]  [<ffffffff81541f05>] setup_local_APIC+0x189/0x290
[    0.040000]  [<ffffffff81541669>] smp_callin+0xc5/0xf7
[    0.040000]  [<ffffffff815416a9>] start_secondary+0xe/0xaa
[    0.040000] ---[ end trace a7919e7f17c0a728 ]---
[    0.040000] , L1 D cache: 32K
[    0.040000] CPU: L2 cache: 6144K
[    0.040000] CPU 3/0x3 -> Node 0
[    0.040000] CPU: Physical Processor ID: 0
[    0.040000] CPU: Processor Core ID: 3
[    0.040000] mce: CPU supports 0 MCE banks
[    1.200000] CPU3: Intel(R) Core(TM) i5-2410M CPU @ 2.30GHz stepping 07
[    1.200000] Brought up 4 CPUs
[    1.200000] Total of 4 processors activated (6373.37 BogoMIPS).
[    1.210000] CPU0 attaching sched-domain:
[    1.210000]  domain 0: span 0-3 level MC
[    1.210000]   groups: 0 1 2 3
[    1.210000] CPU1 attaching sched-domain:
[    1.210000]  domain 0: span 0-3 level MC
[    1.210000]   groups: 1 2 3 0
[    1.210000] CPU2 attaching sched-domain:
[    1.210000]  domain 0: span 0-3 level MC
[    1.210000]   groups: 2 3 0 1
[    1.210000] CPU3 attaching sched-domain:
[    1.210000]  domain 0: span 0-3 level MC
[    1.210000]   groups: 3 0 1 2
[    1.210000] devtmpfs: initialized
[    1.210000] regulator: core version 0.5
[    1.210000] Time:  8:43:16  Date: 05/06/13
[    1.210000] NET: Registered protocol family 16
[    1.210000] ACPI: bus type pci registered
[    1.210000] PCI: Using configuration type 1 for base access
[    1.210000] Trying to unpack rootfs image as initramfs...
[    1.220000] bio: create slab <bio-0> at 0
[    1.220000] ACPI: EC: Look up EC in DSDT
[    1.220000] ACPI: Executed 1 blocks of module-level executable AML code
[    1.230000] ACPI: Interpreter enabled
[    1.230000] ACPI: (supports S0 S5)
[    1.230000] ACPI: Using IOAPIC for interrupt routing
[    1.240000] ACPI: No dock devices found.
[    1.240000] ACPI: PCI Root Bridge [PCI0] (0000:00)
[    1.240000] pci 0000:00:01.1: reg 20 io port: [0xd000-0xd00f]
[    1.250000] pci 0000:00:02.0: reg 10 32bit mmio pref: [0xe0000000-0xe7ffffff]
[    1.260000] pci 0000:00:03.0: reg 10 32bit mmio: [0xf0000000-0xf001ffff]
[    1.260000] pci 0000:00:03.0: reg 18 io port: [0xd010-0xd017]
[    1.260000] pci 0000:00:04.0: reg 10 io port: [0xd020-0xd03f]
[    1.270000] pci 0000:00:04.0: reg 14 32bit mmio: [0xf0400000-0xf07fffff]
[    1.270000] pci 0000:00:04.0: reg 18 32bit mmio pref: [0xf0800000-0xf0803fff]
[    1.270000] pci 0000:00:05.0: reg 10 io port: [0xd100-0xd1ff]
[    1.270000] pci 0000:00:05.0: reg 14 io port: [0xd200-0xd23f]
[    1.270000] pci 0000:00:06.0: reg 10 32bit mmio: [0xf0804000-0xf0804fff]
[    1.280000] pci 0000:00:0b.0: reg 10 32bit mmio: [0xf0805000-0xf0805fff]
[    1.280000] pci 0000:00:0d.0: reg 10 io port: [0xd240-0xd247]
[    1.280000] pci 0000:00:0d.0: reg 18 io port: [0xd250-0xd257]
[    1.280000] pci 0000:00:0d.0: reg 20 io port: [0xd260-0xd26f]
[    1.290000] pci 0000:00:0d.0: reg 24 32bit mmio: [0xf0806000-0xf0807fff]
[    1.290000] ACPI: PCI Interrupt Routing Table [\_SB_.PCI0._PRT]
[    1.300000] ACPI: PCI Interrupt Link [LNKA] (IRQs *5 9 10 11)
[    1.300000] ACPI: PCI Interrupt Link [LNKB] (IRQs 5 9 10 *11)
[    1.300000] ACPI: PCI Interrupt Link [LNKC] (IRQs 5 9 *10 11)
[    1.300000] ACPI: PCI Interrupt Link [LNKD] (IRQs 5 *9 10 11)
[    1.300000] vgaarb: device added: PCI:0000:00:02.0,decodes=io+mem,owns=io+mem,locks=none
[    1.300000] vgaarb: loaded
[    1.300000] SCSI subsystem initialized
[    1.300000] libata version 3.00 loaded.
[    1.300000] usbcore: registered new interface driver usbfs
[    1.300000] usbcore: registered new interface driver hub
[    1.300000] usbcore: registered new device driver usb
[    1.310000] ACPI: WMI: Mapper loaded
[    1.310000] PCI: Using ACPI for IRQ routing
[    1.310000] NetLabel: Initializing
[    1.310000] NetLabel:  domain hash size = 128
[    1.310000] NetLabel:  protocols = UNLABELED CIPSOv4
[    1.310000] NetLabel:  unlabeled traffic allowed by default
[    1.310000] AppArmor: AppArmor Filesystem Enabled
[    1.310000] pnp: PnP ACPI init
[    1.310000] ACPI: bus type pnp registered
[    1.310000] pnp: PnP ACPI: found 5 devices
[    1.310000] ACPI: ACPI bus type pnp unregistered
[    1.320000] Switching to clocksource acpi_pm
[    1.321120] pci_bus 0000:00: resource 0 io:  [0x00-0xffff]
[    1.321120] pci_bus 0000:00: resource 1 mem: [0x000000-0xffffffffffffffff]
[    1.321120] NET: Registered protocol family 2
[    1.321120] IP route cache hash table entries: 131072 (order: 8, 1048576 bytes)
[    1.321120] TCP established hash table entries: 524288 (order: 11, 8388608 bytes)
[    1.326357] TCP bind hash table entries: 65536 (order: 8, 1048576 bytes)
[    1.326357] TCP: Hash tables configured (established 524288 bind 65536)
[    1.326357] TCP reno registered
[    1.326357] NET: Registered protocol family 1
[    1.326357] pci 0000:00:00.0: Limiting direct PCI/PCI transfers
[    1.326357] pci 0000:00:01.0: Activating ISA DMA hang workarounds
[    1.326357] pci 0000:00:02.0: Boot video device
[    1.326357] platform rtc_cmos: registered platform RTC device (no PNP device found)
[    1.330170] Scanning for low memory corruption every 60 seconds
[    1.330170] audit: initializing netlink socket (disabled)
[    1.330170] type=2000 audit(1367829795.320:1): initialized
[    1.351340] HugeTLB registered 2 MB page size, pre-allocated 0 pages
[    1.361335] VFS: Disk quotas dquot_6.5.2
[    1.361335] Dquot-cache hash table entries: 512 (order 0, 4096 bytes)
[    1.361335] fuse init (API version 7.13)
[    1.361335] msgmni has been set to 7812
[    1.361335] alg: No test for stdrng (krng)
[    1.361335] Block layer SCSI generic (bsg) driver version 0.4 loaded (major 253)
[    1.361335] io scheduler noop registered
[    1.361335] io scheduler anticipatory registered
[    1.361335] io scheduler deadline registered
[    1.361335] io scheduler cfq registered (default)
[    1.361335] pci_hotplug: PCI Hot Plug PCI Core version: 0.5
[    1.361335] pciehp: PCI Express Hot Plug Controller Driver version: 0.4
[    1.361335] ACPI: AC Adapter [AC] (on-line)
[    1.361335] input: Power Button as /devices/LNXSYSTM:00/LNXPWRBN:00/input/input0
[    1.361335] ACPI: Power Button [PWRF]
[    1.361335] input: Sleep Button as /devices/LNXSYSTM:00/LNXSLPBN:00/input/input1
[    1.361335] ACPI: Sleep Button [SLPF]
[    1.361335] processor LNXCPU:00: registered as cooling_device0
[    1.361335] processor LNXCPU:01: registered as cooling_device1
[    1.361335] processor LNXCPU:02: registered as cooling_device2
[    1.361335] processor LNXCPU:03: registered as cooling_device3
[    1.371325] Linux agpgart interface v0.103
[    1.371325] ACPI: Battery Slot [BAT0] (battery present)
[    1.371325] Serial: 8250/16550 driver, 4 ports, IRQ sharing enabled
[    1.371325] brd: module loaded
[    1.371325] loop: module loaded
[    1.371325] input: Macintosh mouse button emulation as /devices/virtual/input/input2
[    1.371325] ata_piix 0000:00:01.1: version 2.13
[    1.371325] scsi0 : ata_piix
[    1.371325] scsi1 : ata_piix
[    1.371325] ata1: PATA max UDMA/33 cmd 0x1f0 ctl 0x3f6 bmdma 0xd000 irq 14
[    1.371325] ata2: PATA max UDMA/33 cmd 0x170 ctl 0x376 bmdma 0xd008 irq 15
[    1.371325] Fixed MDIO Bus: probed
[    1.371325] PPP generic driver version 2.4.2
[    1.371325] tun: Universal TUN/TAP device driver, 1.6
[    1.371325] tun: (C) 1999-2004 Max Krasnyansky <maxk@qualcomm.com>
[    1.371325] ehci_hcd: USB 2.0 'Enhanced' Host Controller (EHCI) Driver
[    1.380395]   alloc irq_desc for 19 on node -1
[    1.380395]   alloc kstat_irqs on node -1
[    1.380395] ehci_hcd 0000:00:0b.0: PCI INT A -> GSI 19 (level, low) -> IRQ 19
[    1.380395] ehci_hcd 0000